apps/runtime/src/gatewayClient.ts(30,5): error TS2375: Type '{ ok: false; status: number; error: string | undefined; data: unknown; }' is not assignable to type 'GatewayResponse' with 'exactOptionalPropertyTypes: true'. Consider adding 'undefined' to the types of the target's properties.
  Types of property 'error' are incompatible.
    Type 'string | undefined' is not assignable to type 'string'.
      Type 'undefined' is not assignable to type 'string'.
